// Jest Snapshot v1, https://goo.gl/fbAQLP

exports[`Dashboard page #render should render snapshot 1`] = `
<body>
  <div>
    <div>
      <div>
        <label
          for="form-title"
        >
          title
        </label>
        <input
          data-testid="form-title"
          id="form-title"
          type="text"
          value=""
        />
        <label
          for="form-completed"
        >
          completed
        </label>
        <input
          data-testid="form-completed"
          id="form-completed"
          type="checkbox"
        />
        <button
          data-testid="form-button"
          type="submit"
        >
          save
        </button>
      </div>
      <div>
        <table>
          <thead>
            <tr>
              <th>
                Activity
              </th>
              <th>
                Status
              </th>
              <th>
                Action
              </th>
            </tr>
          </thead>
          <tbody>
            <tr>
              <td
                data-testid="title"
              >
                learning
              </td>
              <td
                data-testid="status"
              >
                completed
              </td>
              <td>
                <button
                  data-testid="deleteButton"
                  type="click"
                >
                  delete
                </button>
                <button
                  data-testid="editButton"
                  type="click"
                >
                  edit
                </button>
              </td>
            </tr>
            <tr>
              <td
                data-testid="title"
              >
                swimming
              </td>
              <td
                data-testid="status"
              />
              <td>
                <button
                  data-testid="deleteButton"
                  type="click"
                >
                  delete
                </button>
                <button
                  data-testid="editButton"
                  type="click"
                >
                  edit
                </button>
              </td>
            </tr>
          </tbody>
        </table>
      </div>
    </div>
  </div>
</body>
`;
